
> sathyadhare@0.1.0 build
> cross-env TURBOPACK=0 next build --no-turbo 2>NUL || next build

node.exe : ÔÜá `eslint` 
configuration in 
next.config.ts is no longer 
supported. See more info 
here: https://nextjs.org/docs
/app/api-reference/cli/next#n
ext-lint-options
At line:1 char:1
+ & "C:\Program 
Files\nodejs/node.exe" 
"C:\Program 
Files\nodejs/node_mo ...
+ ~~~~~~~~~~~~~~~~~~~~~~~~~~~
~~~~~~~~~~~~~~~~~~~~~~~~~~~~~
~~~~~~~~~~~~~
    + CategoryInfo           
   : NotSpecified: (ÔÜá `es  
  lint` co...xt-lint-optio   
 ns:String) [], RemoteExc    
eption
    + FullyQualifiedErrorId  
   : NativeCommandError
 
ÔÜá Invalid next.config.ts 
options detected: 
ÔÜá     Unrecognized key(s) 
in object: 'eslint'
ÔÜá See more info here: https
://nextjs.org/docs/messages/i
nvalid-next-config
Ôû▓ Next.js 16.1.6 (Turbopack)
- Environments: .env.local, .env.production

ÔÜá The "middleware" file 
convention is deprecated. 
Please use "proxy" instead. 
Learn more: https://nextjs.or
g/docs/messages/middleware-to
-proxy
  Creating an optimized production build ...

-----
[1m[31mFATAL[39m[0m: An 
unexpected Turbopack error 
occurred. A panic log has 
been written to C:\Users\STUD
IO\AppData\Local\Temp\next-pa
nic-1fadd34db86ca4885a30daa2d
f928315.log.

To help make Turbopack 
better, report this error by 
]8;;https://github.com/verce
l/next.js/discussions/new?cat
egory=turbopack-error-report&
title=Turbopack%20Error%3A%20
failed%20to%20create%20juncti
on%20point%20to%20..%2F..%2Fn
ode_modules%2Fsharp&body=Turb
opack%20version%3A%20%6023c46
498%60%0ANext.js%20version%3A
%20%600.0.0%60%0A%0AError%20m
essage%3A%0A%60%60%60%0Afaile
d%20to%20create%20junction%20
point%20to%20..%2F..%2Fnode_m
odules%2Fsharp%0A%0ACaused%20
by%3A%0A-%20Incorrect%20funct
ion.%20%28os%20error%201%29%0
A%60%60%60&labels=Turbopack,T
urbopack%20Panic%20Backtrace
\clicking here.]8;;\
-----


> Build error occurred
Error 
[TurbopackInternalError]: 
failed to create junction 
point to 
../../node_modules/sharp

Caused by:
- Incorrect function. (os 
error 1)
    at ignore-listed frames {
  type: 
'TurbopackInternalError',
  location: undefined
}
