.next/dev/types/validator.ts(107,39): error TS2307: Cannot find module '../../../src/app/admin/books/page.js' or its corresponding type declarations.
.next/dev/types/validator.ts(359,39): error TS2307: Cannot find module '../../../src/app/books/[slug]/page.js' or its corresponding type declarations.
.next/dev/types/validator.ts(368,39): error TS2307: Cannot find module '../../../src/app/books/page.js' or its corresponding type declarations.
.next/dev/types/validator.ts(683,39): error TS2307: Cannot find module '../../../src/app/logout/route.js' or its corresponding type declarations.
src/app/admin/analytics/page.tsx(140,9): error TS2322: Type '{ title: string; hideActions: boolean; }' is not assignable to type 'IntrinsicAttributes & { title?: string | undefined; roleLabel?: string | undefined; profileName?: string | undefined; initials?: string | undefined; renderActions?: ReactNode; ... 4 more ...; icon2Badge?: boolean | undefined; }'.
  Property 'hideActions' does not exist on type 'IntrinsicAttributes & { title?: string | undefined; roleLabel?: string | undefined; profileName?: string | undefined; initials?: string | undefined; renderActions?: ReactNode; ... 4 more ...; icon2Badge?: boolean | undefined; }'.
src/app/admin/articles/page.tsx(73,9): error TS2322: Type '{ title: string; hideActions: boolean; }' is not assignable to type 'IntrinsicAttributes & { title?: string | undefined; roleLabel?: string | undefined; profileName?: string | undefined; initials?: string | undefined; renderActions?: ReactNode; ... 4 more ...; icon2Badge?: boolean | undefined; }'.
  Property 'hideActions' does not exist on type 'IntrinsicAttributes & { title?: string | undefined; roleLabel?: string | undefined; profileName?: string | undefined; initials?: string | undefined; renderActions?: ReactNode; ... 4 more ...; icon2Badge?: boolean | undefined; }'.
src/app/admin/audit-logs/page.tsx(68,9): error TS2322: Type '{ title: string; hideActions: boolean; }' is not assignable to type 'IntrinsicAttributes & { title?: string | undefined; roleLabel?: string | undefined; profileName?: string | undefined; initials?: string | undefined; renderActions?: ReactNode; ... 4 more ...; icon2Badge?: boolean | undefined; }'.
  Property 'hideActions' does not exist on type 'IntrinsicAttributes & { title?: string | undefined; roleLabel?: string | undefined; profileName?: string | undefined; initials?: string | undefined; renderActions?: ReactNode; ... 4 more ...; icon2Badge?: boolean | undefined; }'.
src/app/admin/comments/page.tsx(62,9): error TS2322: Type '{ title: string; hideActions: boolean; }' is not assignable to type 'IntrinsicAttributes & { title?: string | undefined; roleLabel?: string | undefined; profileName?: string | undefined; initials?: string | undefined; renderActions?: ReactNode; ... 4 more ...; icon2Badge?: boolean | undefined; }'.
  Property 'hideActions' does not exist on type 'IntrinsicAttributes & { title?: string | undefined; roleLabel?: string | undefined; profileName?: string | undefined; initials?: string | undefined; renderActions?: ReactNode; ... 4 more ...; icon2Badge?: boolean | undefined; }'.
src/app/admin/email-templates/page.tsx(43,9): error TS2322: Type '{ title: string; hideActions: boolean; }' is not assignable to type 'IntrinsicAttributes & { title?: string | undefined; roleLabel?: string | undefined; profileName?: string | undefined; initials?: string | undefined; renderActions?: ReactNode; ... 4 more ...; icon2Badge?: boolean | undefined; }'.
  Property 'hideActions' does not exist on type 'IntrinsicAttributes & { title?: string | undefined; roleLabel?: string | undefined; profileName?: string | undefined; initials?: string | undefined; renderActions?: ReactNode; ... 4 more ...; icon2Badge?: boolean | undefined; }'.
src/app/admin/friday/page.tsx(66,9): error TS2322: Type '{ title: string; hideActions: boolean; }' is not assignable to type 'IntrinsicAttributes & { title?: string | undefined; roleLabel?: string | undefined; profileName?: string | undefined; initials?: string | undefined; renderActions?: ReactNode; ... 4 more ...; icon2Badge?: boolean | undefined; }'.
  Property 'hideActions' does not exist on type 'IntrinsicAttributes & { title?: string | undefined; roleLabel?: string | undefined; profileName?: string | undefined; initials?: string | undefined; renderActions?: ReactNode; ... 4 more ...; icon2Badge?: boolean | undefined; }'.
src/app/admin/media/page.tsx(42,9): error TS2322: Type '{ title: string; hideActions: boolean; }' is not assignable to type 'IntrinsicAttributes & { title?: string | undefined; roleLabel?: string | undefined; profileName?: string | undefined; initials?: string | undefined; renderActions?: ReactNode; ... 4 more ...; icon2Badge?: boolean | undefined; }'.
  Property 'hideActions' does not exist on type 'IntrinsicAttributes & { title?: string | undefined; roleLabel?: string | undefined; profileName?: string | undefined; initials?: string | undefined; renderActions?: ReactNode; ... 4 more ...; icon2Badge?: boolean | undefined; }'.
src/app/admin/newsletter/page.tsx(38,9): error TS2322: Type '{ title: string; hideActions: boolean; }' is not assignable to type 'IntrinsicAttributes & { title?: string | undefined; roleLabel?: string | undefined; profileName?: string | undefined; initials?: string | undefined; renderActions?: ReactNode; ... 4 more ...; icon2Badge?: boolean | undefined; }'.
  Property 'hideActions' does not exist on type 'IntrinsicAttributes & { title?: string | undefined; roleLabel?: string | undefined; profileName?: string | undefined; initials?: string | undefined; renderActions?: ReactNode; ... 4 more ...; icon2Badge?: boolean | undefined; }'.
src/app/admin/security/page.tsx(43,9): error TS2322: Type '{ title: string; hideActions: boolean; }' is not assignable to type 'IntrinsicAttributes & { title?: string | undefined; roleLabel?: string | undefined; profileName?: string | undefined; initials?: string | undefined; renderActions?: ReactNode; ... 4 more ...; icon2Badge?: boolean | undefined; }'.
  Property 'hideActions' does not exist on type 'IntrinsicAttributes & { title?: string | undefined; roleLabel?: string | undefined; profileName?: string | undefined; initials?: string | undefined; renderActions?: ReactNode; ... 4 more ...; icon2Badge?: boolean | undefined; }'.
src/app/admin/sequels/page.tsx(58,9): error TS2322: Type '{ title: string; hideActions: boolean; }' is not assignable to type 'IntrinsicAttributes & { title?: string | undefined; roleLabel?: string | undefined; profileName?: string | undefined; initials?: string | undefined; renderActions?: ReactNode; ... 4 more ...; icon2Badge?: boolean | undefined; }'.
  Property 'hideActions' does not exist on type 'IntrinsicAttributes & { title?: string | undefined; roleLabel?: string | undefined; profileName?: string | undefined; initials?: string | undefined; renderActions?: ReactNode; ... 4 more ...; icon2Badge?: boolean | undefined; }'.
src/app/admin/settings/page.tsx(65,9): error TS2322: Type '{ title: string; hideActions: boolean; }' is not assignable to type 'IntrinsicAttributes & { title?: string | undefined; roleLabel?: string | undefined; profileName?: string | undefined; initials?: string | undefined; renderActions?: ReactNode; ... 4 more ...; icon2Badge?: boolean | undefined; }'.
  Property 'hideActions' does not exist on type 'IntrinsicAttributes & { title?: string | undefined; roleLabel?: string | undefined; profileName?: string | undefined; initials?: string | undefined; renderActions?: ReactNode; ... 4 more ...; icon2Badge?: boolean | undefined; }'.
src/app/admin/trash/page.tsx(60,9): error TS2322: Type '{ title: string; hideActions: boolean; }' is not assignable to type 'IntrinsicAttributes & { title?: string | undefined; roleLabel?: string | undefined; profileName?: string | undefined; initials?: string | undefined; renderActions?: ReactNode; ... 4 more ...; icon2Badge?: boolean | undefined; }'.
  Property 'hideActions' does not exist on type 'IntrinsicAttributes & { title?: string | undefined; roleLabel?: string | undefined; profileName?: string | undefined; initials?: string | undefined; renderActions?: ReactNode; ... 4 more ...; icon2Badge?: boolean | undefined; }'.
src/app/admin/users/actions.ts(26,56): error TS18047: 'adminClient' is possibly 'null'.
src/app/admin/users/actions.ts(38,45): error TS18047: 'adminClient' is possibly 'null'.
src/app/admin/users/actions.ts(136,40): error TS18047: 'adminClient' is possibly 'null'.
src/app/admin/users/actions.ts(155,29): error TS18047: 'adminClient' is possibly 'null'.
